// Jest Snapshot v1, https://goo.gl/fbAQLP

exports[`MenuModal Component MenuModal corresponde ao snapshot anterior 1`] = `<DocumentFragment />`;
